[Licensing::Module] Trying to connect to existing licensing client channel...
Built from '6000.6/staging' branch; Version is '6000.6.3f1 (45d8eee7de74) revision 4577518'; Using compiler version '194234433'; Build Type 'Release'
[Licensing::IpcConnector] Successfully connected to: "LicenseClient-lucas62658716" at "2026-10-01T14:14:12.184589Z"
OS: 'Windows 11  (10.0.26200) Professional' Language: 'pt' Physical Memory: 16070 MB
BatchMode: 1, IsHumanControllingUs: 0, StartBugReporterOnCrash: 0, Is64bit: 1
System  architecture: x64
Process architecture: x64
Date: 2026-10-01T14:14:12Z
[Licensing::Client] Code 10 while verifying Licensing Client signature (process Id: 30596, path: "C:/Program Files/Unity Hub/UnityLicensingClient_V1/Unity.Licensing.Client.exe")
[Licensing::Module] LicensingClient has failed validation; ignoring
[Licensing::Client] Error: HandshakeResponse reported an error:
	ResponseCode: 505
	ResponseStatus: Unsupported protocol version '1.18.3'. Current supported versions are: 1.0,1.1,1.2,1.3,1.4,1.4.1,1.5,1.6,1.7,1.8,1.9,1.10,1.11,1.12
[Licensing::Module] Error: Failed to handshake to channel: "LicenseClient-lucas62658716"
[Licensing::IpcConnector] LicenseClient-lucas62658716 channel disconnected successfully.
[Licensing::IpcConnector] Successfully connected to: "LicenseClient-lucas62658716-6000.6.3" at "2026-10-01T14:14:12.309676Z"
[Licensing::Client] Code 10 while verifying Licensing Client signature (process Id: 39796, path: "C:/Program Files/Unity/Hub/Editor/6000.6.3f1/Editor/Data/Resources/Licensing/Client/Unity.Licensing.Client.exe")
[Licensing::Module] LicensingClient has failed validation; ignoring
[Licensing::Client] Handshaking with LicensingClient:
  Version:                 1.18.3+d7ffd15
  Session Id:              49d52c2d138f4588a82307ce5e0fea41
  Correlation Id:          cca8c491876256b8d4527c894ca3438f
  External correlation Id: 4952302815615060001
  Machine Id:              sFH2+DTiHsUJCZWXvXC+dLTIHnk=
[Licensing::Module] Successfully connected to LicensingClient on channel: "LicenseClient-lucas62658716-6000.6.3" (connect: 0.00s, validation: 0.06s, handshake: 0.03s)
[Licensing::IpcConnector] Successfully connected to: "LicenseClient-lucas62658716-6000.6.3-notifications" at "2026-10-01T14:14:12.3917198Z"
[Licensing::Module] Licensing Background thread has ended after 0.21s

COMMAND LINE ARGUMENTS:
C:\Program Files\Unity\Hub\Editor\6000.6.3f1\Editor\Unity.exe
-adb2
-batchMode
-noUpm
-name
AssetImportWorkerHW1
-projectPath
C:/Users/lucas62658716/personagem
-logFile
Logs/AssetImportWorkerHW1.log
-srvPort
15057
-parentPid
24468
-analyticsLocalProjectId
8ab4f3d04b43dea4b8c729994178373c
-editorAnalyticsEnabled
1
-cbmEditorLicense
57fe40762d5176b69275f13b31aedcc3c52dd757
-cbmMachineId
sFH2+DTiHsUJCZWXvXC+dLTIHnk=
-licensingIpc
LicenseClient-lucas62658716
-noDiagnosticSwitchPersistentStore
-job-worker-count
13
-background-job-worker-count
8
-asset-garbage-collectors
1
-force-d3d12
-name
AssetImport
Successfully changed project path to: C:/Users/lucas62658716/personagem
C:/Users/lucas62658716/personagem
[UnityMemory] Configuration Parameters - Can be set up in boot.config
    "memorysetup-temp-allocator-size-gi-baking-worker=262144"
    "memorysetup-temp-allocator-size-gi-baking-worker=262144"
    "memorysetup-temp-allocator-size-gi-baking-worker=262144"
    "memorysetup-temp-allocator-size-gi-baking-worker=262144"
    "memorysetup-temp-allocator-size-gi-baking-worker=262144"
    "memorysetup-temp-allocator-size-nav-mesh-worker=65536"
    "memorysetup-temp-allocator-size-audio-worker=65536"
    "memorysetup-temp-allocator-size-cloud-worker=32768"
    "memorysetup-temp-allocator-size-gfx=262144"
    "memorysetup-remapper-allocator-initial-capacity=32768"
    "memorysetup-temp-allocator-size-preload-manager=33554432"
    "memorysetup-allocator-temp-initial-block-size-main=262144"
    "memorysetup-allocator-temp-initial-block-size-worker=262144"
    "memorysetup-temp-allocator-size-job-worker=262144"
    "memorysetup-temp-allocator-size-background-worker=32768"
    "memorysetup-bucket-allocator-granularity=16"
    "memorysetup-bucket-allocator-bucket-count=8"
    "memorysetup-bucket-allocator-block-size=33554432"
    "memorysetup-bucket-allocator-block-count=8"
    "memorysetup-main-allocator-block-size=16777216"
    "memorysetup-thread-allocator-block-size=16777216"
    "memorysetup-main-allocator-mimalloc-enabled=1"
    "memorysetup-gfx-main-allocator-block-size=16777216"
    "memorysetup-gfx-thread-allocator-block-size=16777216"
    "memorysetup-cache-allocator-block-size=4194304"
    "memorysetup-typetree-allocator-block-size=2097152"
    "memorysetup-profiler-bucket-allocator-granularity=16"
    "memorysetup-profiler-bucket-allocator-bucket-count=8"
    "memorysetup-profiler-bucket-allocator-block-size=33554432"
    "memorysetup-profiler-bucket-allocator-block-count=8"
    "memorysetup-profiler-allocator-block-size=16777216"
    "memorysetup-profiler-editor-allocator-block-size=1048576"
    "memorysetup-temp-allocator-size-main=16777216"
    "memorysetup-job-temp-allocator-block-size=2097152"
    "memorysetup-job-temp-allocator-block-size-background=1048576"
    "memorysetup-job-temp-allocator-reduction-small-platforms=262144"
Player connection [36476]  Target information:

Player connection [36476]  * "[IP] 10.16.108.24 [Port] 0 [Flags] 2 [Guid] 2181372708 [EditorId] 2181372708 [Version] 1048832 [Id] WindowsEditor(7,L06003-033245) [Debug] 1 [PackageName] WindowsEditor [ProjectName] Editor" 

Player connection [36476] Host joined multi-casting on [225.0.0.222:54997]...
Player connection [36476] Host joined alternative multi-casting on [225.0.0.222:34997]...
JobSystem: Creating JobQueue using job-worker-count value 13
Input System module state changed to: Initialized.
[Physics::Module] Initialized fallback backend.
[Physics::Module] Id: 0xdecafbad
Library Redirect Path: Library/
Initialising UDS system complete:
  - System type: Client
  - Resource namespace: 5bd716b3c7d2972c4aa678b0fe1cf33e
  - Shared memory size: 1073741824
  - Command buffer id: 1052576
  - Command buffer size: 8192
  - Hashmap size: 4194304
  - Service connected: true
  - Service working directory: Library/DataStore/
Refreshing native plugins compatible for Editor in 10.82 ms, found 4 plugins.
[Physics::Module] Selected backend (deferred post-plugins).
[Physics::Module] Name: PhysX
[Physics::Module] Id: 0xf2b8ea05
[Physics::Module] SDK Version: 4.1.2
[Physics::Module] Integration Version: 1.0.0
[Physics::Module] Threading Mode: Multi-Threaded
Initialize engine version: 6000.6.3f1 (45d8eee7de74)
[EntityIdStore] init: VM path (explicit commit), pageSize=4096, blockCount=1048576, entitiesPerBlock=256, slots reserved=4294967296 bytes
[Subsystems] Discovering subsystems at path C:/Program Files/Unity/Hub/Editor/6000.6.3f1/Editor/Data/Resources/UnitySubsystems
[Subsystems] Discovering subsystems at path C:/Users/lucas62658716/personagem/Assets
Forcing GfxDevice: Direct3D 12
GfxDevice: creating device client; kGfxThreadingModeNonThreaded
d3d12: failed to query info queue interface (0x80004002).
Direct3D:
    Version:         Direct3D 12 [level 12.2]
    Renderer:        NVIDIA RTX 2000 Ada Generation (ID=0x28b0)
    Vendor:          NVIDIA
    VRAM:            16118 MB
    App VRAM Budget: 15350 MB
    Driver:          32.0.15.9671
Initialize mono
Mono path[0] = 'C:/Program Files/Unity/Hub/Editor/6000.6.3f1/Editor/Data/Managed'
Mono path[1] = 'C:/Program Files/Unity/Hub/Editor/6000.6.3f1/Editor/Data/BCLExtensions/runtime/netstandard2.1'
Mono path[2] = 'C:/Program Files/Unity/Hub/Editor/6000.6.3f1/Editor/Data/MonoBleedingEdge/lib/mono/unityjit-win32'
Mono config path = 'C:/Program Files/Unity/Hub/Editor/6000.6.3f1/Editor/Data/MonoBleedingEdge/etc'
Using monoOptions --debugger-agent=transport=dt_socket,embedding=1,server=y,suspend=n,address=127.0.0.1:56100
CodeReloadManager initialized
Begin MonoManager ReloadAssembly
Registering precompiled unity dll's ...
Register platform support module: C:/Program Files/Unity/Hub/Editor/6000.6.3f1/Editor/Data/PlaybackEngines/WindowsStandaloneSupport/UnityEditor.WindowsStandalone.Extensions.dll
[Licensing::Client] Successfully resolved entitlement details
[Licensing::Module] License group:
  Id: F4-Z3DG-YMY3-TBTY-XM54-XXXX
  Product: Unity Personal
  Type: ULF
  Expiration: Unlimited
Register platform support module: C:/Program Files/Unity/Hub/Editor/6000.6.3f1/Editor/Data/PlaybackEngines/AndroidPlayer/UnityEditor.Android.Extensions.dll
Registered in 0.037384 seconds.
Native extension for Android target not found
Native extension for WindowsStandalone target not found
Package Manager log level set to [2]
[Package Manager] Failed to launch server process. Reason: Unity was launched with the -noUpm command-line argument
[Package Manager] Unable to send message (not connected to server process).
[Package Manager] Cannot connect to Unity Package Manager local server
ScheduleIndexationOnStartup MainProcess:False IndexOnStartup:True
Scripting: successfully reloaded assembly
- Finished resetting the current domain, in  1.583 seconds
Domain Reload Profiling: 2591ms
	BeginReloadAssembly (396ms)
	RebuildCommonClasses (4ms)
	RebuildNativeTypeToScriptingClass (17ms)
	initialDomainReloadingComplete (166ms)
	LoadAllAssembliesAndSetupDomain (424ms)
		LoadAssemblies (398ms)
		TypeCache.Refresh (338ms)
			TypeCache.ScanAssembly (305ms)
		AnalyzeDomain (1ms)
	FinalizeReload (1584ms)
		SetupLoadedEditorAssemblies (0ms)
			InitializePlatformSupportModulesInManaged (9ms)
			BeforeProcessingInitializeOnLoad (78ms)
			ProcessInitializeOnLoadAttributes (92ms)
			ProcessInitializeOnLoadMethodAttributes (1338ms)
Initializing Unity extensions:
[Licensing::Client] Successfully resolved entitlement details
========================================================================
Worker process is ready to serve import requests
Import Worker Mode flag is 0x00
Begin MonoManager ReloadAssembly
Refreshing native plugins compatible for Editor in 5.87 ms, found 4 plugins.
Native extension for Android target not found
Native extension for WindowsStandalone target not found
[Package Manager] Failed to launch server process. Reason: Unity was launched with the -noUpm command-line argument
[Package Manager] Unable to send message (not connected to server process).
[Package Manager] Cannot connect to Unity Package Manager local server
Refreshing native plugins compatible for Editor in 5.78 ms, found 4 plugins.
[Package Manager] Failed to launch server process. Reason: Unity was launched with the -noUpm command-line argument
[Package Manager] Unable to send message (not connected to server process).
[Package Manager] Cannot connect to Unity Package Manager local server
ScheduleIndexationOnStartup MainProcess:False IndexOnStartup:True
Scripting: successfully reloaded assembly
- Finished resetting the current domain, in  0.548 seconds
Domain Reload Profiling: 1939ms
	BeginReloadAssembly (471ms)
		DisableScriptedObjects (14ms)
		CreateAndSetChildDomain (23ms)
	RebuildCommonClasses (7ms)
	RebuildNativeTypeToScriptingClass (16ms)
	initialDomainReloadingComplete (141ms)
	LoadAllAssembliesAndSetupDomain (756ms)
		LoadAssemblies (852ms)
		TypeCache.Refresh (160ms)
			TypeCache.ScanAssembly (146ms)
		AnalyzeDomain (31ms)
			BuildScriptInfoCaches (28ms)
	FinalizeReload (549ms)
		SetupLoadedEditorAssemblies (0ms)
			InitializePlatformSupportModulesInManaged (9ms)
			BeforeProcessingInitializeOnLoad (76ms)
			ProcessInitializeOnLoadAttributes (243ms)
			ProcessInitializeOnLoadMethodAttributes (47ms)
			AfterProcessingInitializeOnLoad (8ms)
			EditorAssembliesLoaded (7ms)
		AwakeInstancesAfterBackupRestoration (9ms)
AcceleratorClientConnectionCallback - disconnected - :0
Launched and connected shader compiler UnityShaderCompiler.exe after 0.04 seconds
Refreshing native plugins compatible for Editor in 5.01 ms, found 4 plugins.
Unloading 0 Unused Serialized files (Serialized files now loaded: 0)
Unloading 4302 unused Assets / (1.8 MB). Loaded Objects now: 4976.
Memory consumption went from 271.8 MB to 269.9 MB.
Total: 4.872800 ms (FindLiveObjects: 0.411800 ms CreateObjectMapping: 0.164800 ms MarkObjects: 3.501700 ms  DeleteObjects: 0.632200 ms)

========================================================================
Received Prepare
AcceleratorClientConnectionCallback - disconnected - :0
Refreshing native plugins compatible for Editor in 5.06 ms, found 4 plugins.
Unloading 0 Unused Serialized files (Serialized files now loaded: 0)
Unloading 4290 unused Assets / (1.1 MB). Loaded Objects now: 4977.
Memory consumption went from 270.3 MB to 269.2 MB.
Total: 16.179000 ms (FindLiveObjects: 0.498900 ms CreateObjectMapping: 0.137200 ms MarkObjects: 14.770200 ms  DeleteObjects: 0.589100 ms)

Prepare: number of updated asset objects reloaded= 0
========================================================================
Received Prepare
AcceleratorClientConnectionCallback - disconnected - :0
Refreshing native plugins compatible for Editor in 7.59 ms, found 4 plugins.
Unloading 0 Unused Serialized files (Serialized files now loaded: 0)
Unloading 4290 unused Assets / (1.2 MB). Loaded Objects now: 4977.
Memory consumption went from 270.5 MB to 269.3 MB.
Total: 5.834600 ms (FindLiveObjects: 0.826700 ms CreateObjectMapping: 0.145700 ms MarkObjects: 3.731400 ms  DeleteObjects: 0.950500 ms)

Prepare: number of updated asset objects reloaded= 0
========================================================================
Received Import Request.
  Time of request: 2026-10-01T14:16:42.9899648Z
  Time since last request: 11803.02583199999935 seconds.
  importAddress: GUID: 46c5ba87f11e76b4db9eeb3b0b4710d8 - Path: Assets/Scripts/CameraController.cs - Importer: PreviewImporter
Importing 'GUID: 46c5ba87f11e76b4db9eeb3b0b4710d8 - Path: Assets/Scripts/CameraController.cs - Importer: PreviewImporter' with importer (PreviewImporter)
Imported 'GUID: 46c5ba87f11e76b4db9eeb3b0b4710d8' -> (Import Result ID: '00000000000000000000000000000000') in 0.042 seconds
Import Error Code:(4)
Message: Build asset version error: assets/scripts/cameracontroller.cs in SourceAssetDB has modification time of '2026-10-01T14:16:42.8974138Z' while content on disk has modification time of '2026-10-01T14:16:43.0565128Z'
  ERROR: Build asset version error: assets/scripts/cameracontroller.cs in SourceAssetDB has modification time of '2026-10-01T14:16:42.8974138Z' while content on disk has modification time of '2026-10-01T14:16:43.0565128Z'
Number of updated asset objects reloaded before import = 0
Number of asset objects unloaded after import = 0
========================================================================
Received Prepare
AcceleratorClientConnectionCallback - disconnected - :0
[Licensing::Client] Successfully resolved entitlement details
Begin MonoManager ReloadAssembly
Refreshing native plugins compatible for Editor in 10.31 ms, found 4 plugins.
[Licensing::Client] Successfully resolved entitlement details
Native extension for Android target not found
Native extension for WindowsStandalone target not found
[Package Manager] Failed to launch server process. Reason: Unity was launched with the -noUpm command-line argument
[Package Manager] Unable to send message (not connected to server process).
[Package Manager] Cannot connect to Unity Package Manager local server
[Package Manager] Failed to launch server process. Reason: Unity was launched with the -noUpm command-line argument
[Package Manager] Unable to send message (not connected to server process).
[Package Manager] Cannot connect to Unity Package Manager local server
ScheduleIndexationOnStartup MainProcess:False IndexOnStartup:True
Scripting: successfully reloaded assembly
- Finished resetting the current domain, in  1.069 seconds
Domain Reload Profiling: 3541ms
	BeginReloadAssembly (878ms)
		DisableScriptedObjects (50ms)
		CreateAndSetChildDomain (85ms)
	RebuildCommonClasses (8ms)
	RebuildNativeTypeToScriptingClass (17ms)
	initialDomainReloadingComplete (238ms)
	LoadAllAssembliesAndSetupDomain (1330ms)
		LoadAssemblies (1326ms)
		TypeCache.Refresh (26ms)
		AnalyzeDomain (281ms)
			BuildScriptInfoCaches (269ms)
			ResolveRequiredComponents (5ms)
	FinalizeReload (1070ms)
		SetupLoadedEditorAssemblies (0ms)
			LogAssemblyErrors (4ms)
			InitializePlatformSupportModulesInManaged (20ms)
			BeforeProcessingInitializeOnLoad (195ms)
			ProcessInitializeOnLoadAttributes (444ms)
			ProcessInitializeOnLoadMethodAttributes (51ms)
			AfterProcessingInitializeOnLoad (13ms)
		AwakeInstancesAfterBackupRestoration (10ms)
Refreshing native plugins compatible for Editor in 11.56 ms, found 4 plugins.
Unloading 0 Unused Serialized files (Serialized files now loaded: 0)
Unloading 4301 unused Assets / (0.9 MB). Loaded Objects now: 4980.
Memory consumption went from 274.8 MB to 273.8 MB.
Total: 8.193500 ms (FindLiveObjects: 0.897000 ms CreateObjectMapping: 0.178000 ms MarkObjects: 5.911300 ms  DeleteObjects: 0.947900 ms)

Prepare: number of updated asset objects reloaded= 0
========================================================================
Received Prepare
AcceleratorClientConnectionCallback - disconnected - :0
Begin MonoManager ReloadAssembly
Refreshing native plugins compatible for Editor in 5.07 ms, found 4 plugins.
Native extension for Android target not found
Native extension for WindowsStandalone target not found
[Package Manager] Failed to launch server process. Reason: Unity was launched with the -noUpm command-line argument
[Package Manager] Unable to send message (not connected to server process).
[Package Manager] Cannot connect to Unity Package Manager local server
[Package Manager] Failed to launch server process. Reason: Unity was launched with the -noUpm command-line argument
[Package Manager] Unable to send message (not connected to server process).
[Package Manager] Cannot connect to Unity Package Manager local server
ScheduleIndexationOnStartup MainProcess:False IndexOnStartup:True
Scripting: successfully reloaded assembly
- Finished resetting the current domain, in  0.453 seconds
Domain Reload Profiling: 1465ms
	BeginReloadAssembly (476ms)
		DisableScriptedObjects (12ms)
		CreateAndSetChildDomain (34ms)
	RebuildCommonClasses (7ms)
	RebuildNativeTypeToScriptingClass (14ms)
	initialDomainReloadingComplete (128ms)
	LoadAllAssembliesAndSetupDomain (387ms)
		LoadAssemblies (647ms)
		TypeCache.Refresh (7ms)
		AnalyzeDomain (4ms)
			ResolveRequiredComponents (3ms)
	FinalizeReload (454ms)
		SetupLoadedEditorAssemblies (0ms)
			InitializePlatformSupportModulesInManaged (9ms)
			BeforeProcessingInitializeOnLoad (78ms)
			ProcessInitializeOnLoadAttributes (188ms)
			ProcessInitializeOnLoadMethodAttributes (25ms)
			AfterProcessingInitializeOnLoad (6ms)
		AwakeInstancesAfterBackupRestoration (6ms)
Refreshing native plugins compatible for Editor in 5.49 ms, found 4 plugins.
Unloading 0 Unused Serialized files (Serialized files now loaded: 0)
Unloading 4301 unused Assets / (1.5 MB). Loaded Objects now: 4981.
Memory consumption went from 275.7 MB to 274.3 MB.
Total: 4.449800 ms (FindLiveObjects: 0.381400 ms CreateObjectMapping: 0.145000 ms MarkObjects: 3.244500 ms  DeleteObjects: 0.501500 ms)

Prepare: number of updated asset objects reloaded= 0
========================================================================
Received Prepare
AcceleratorClientConnectionCallback - disconnected - :0
Begin MonoManager ReloadAssembly
Refreshing native plugins compatible for Editor in 5.45 ms, found 4 plugins.
Native extension for Android target not found
Native extension for WindowsStandalone target not found
[Package Manager] Failed to launch server process. Reason: Unity was launched with the -noUpm command-line argument
[Package Manager] Unable to send message (not connected to server process).
[Package Manager] Cannot connect to Unity Package Manager local server
[Package Manager] Failed to launch server process. Reason: Unity was launched with the -noUpm command-line argument
[Package Manager] Unable to send message (not connected to server process).
[Package Manager] Cannot connect to Unity Package Manager local server
ScheduleIndexationOnStartup MainProcess:False IndexOnStartup:True
Scripting: successfully reloaded assembly
- Finished resetting the current domain, in  0.462 seconds
Domain Reload Profiling: 1473ms
	BeginReloadAssembly (474ms)
		DisableScriptedObjects (13ms)
		CreateAndSetChildDomain (31ms)
	RebuildCommonClasses (7ms)
	RebuildNativeTypeToScriptingClass (16ms)
	initialDomainReloadingComplete (131ms)
	LoadAllAssembliesAndSetupDomain (381ms)
		LoadAssemblies (641ms)
		TypeCache.Refresh (7ms)
		AnalyzeDomain (5ms)
			ResolveRequiredComponents (3ms)
	FinalizeReload (463ms)
		SetupLoadedEditorAssemblies (0ms)
			InitializePlatformSupportModulesInManaged (8ms)
			BeforeProcessingInitializeOnLoad (80ms)
			ProcessInitializeOnLoadAttributes (184ms)
			ProcessInitializeOnLoadMethodAttributes (25ms)
			AfterProcessingInitializeOnLoad (6ms)
		AwakeInstancesAfterBackupRestoration (6ms)
Refreshing native plugins compatible for Editor in 5.84 ms, found 4 plugins.
Unloading 0 Unused Serialized files (Serialized files now loaded: 0)
Unloading 4301 unused Assets / (1.6 MB). Loaded Objects now: 4982.
Memory consumption went from 275.9 MB to 274.3 MB.
Total: 4.619000 ms (FindLiveObjects: 0.363200 ms CreateObjectMapping: 0.160500 ms MarkObjects: 3.351300 ms  DeleteObjects: 0.568400 ms)

Prepare: number of updated asset objects reloaded= 0
========================================================================
Received Prepare
AcceleratorClientConnectionCallback - disconnected - :0
[Licensing::Client] Successfully resolved entitlement details
Begin MonoManager ReloadAssembly
Refreshing native plugins compatible for Editor in 6.17 ms, found 4 plugins.
[Licensing::Client] Successfully resolved entitlement details
Native extension for Android target not found
Native extension for WindowsStandalone target not found
[Package Manager] Failed to launch server process. Reason: Unity was launched with the -noUpm command-line argument
[Package Manager] Unable to send message (not connected to server process).
[Package Manager] Cannot connect to Unity Package Manager local server
[Package Manager] Failed to launch server process. Reason: Unity was launched with the -noUpm command-line argument
[Package Manager] Unable to send message (not connected to server process).
[Package Manager] Cannot connect to Unity Package Manager local server
ScheduleIndexationOnStartup MainProcess:False IndexOnStartup:True
Scripting: successfully reloaded assembly
- Finished resetting the current domain, in  0.582 seconds
Domain Reload Profiling: 1630ms
	BeginReloadAssembly (457ms)
		DisableScriptedObjects (11ms)
		CreateAndSetChildDomain (32ms)
	RebuildCommonClasses (7ms)
	RebuildNativeTypeToScriptingClass (14ms)
	initialDomainReloadingComplete (126ms)
	LoadAllAssembliesAndSetupDomain (443ms)
		LoadAssemblies (680ms)
		TypeCache.Refresh (8ms)
		AnalyzeDomain (5ms)
			ResolveRequiredComponents (3ms)
	FinalizeReload (583ms)
		SetupLoadedEditorAssemblies (0ms)
			InitializePlatformSupportModulesInManaged (12ms)
			BeforeProcessingInitializeOnLoad (95ms)
			ProcessInitializeOnLoadAttributes (203ms)
			ProcessInitializeOnLoadMethodAttributes (30ms)
			AfterProcessingInitializeOnLoad (5ms)
		AwakeInstancesAfterBackupRestoration (6ms)
Refreshing native plugins compatible for Editor in 6.07 ms, found 4 plugins.
Unloading 0 Unused Serialized files (Serialized files now loaded: 0)
Unloading 4301 unused Assets / (1.4 MB). Loaded Objects now: 4983.
Memory consumption went from 276.2 MB to 274.8 MB.
Total: 4.472200 ms (FindLiveObjects: 0.371400 ms CreateObjectMapping: 0.156100 ms MarkObjects: 3.313700 ms  DeleteObjects: 0.472700 ms)

Prepare: number of updated asset objects reloaded= 0
========================================================================
Received Prepare
AcceleratorClientConnectionCallback - disconnected - :0
[Licensing::Client] Successfully resolved entitlement details
Begin MonoManager ReloadAssembly
Refreshing native plugins compatible for Editor in 5.14 ms, found 4 plugins.
[Licensing::Client] Successfully resolved entitlement details
Native extension for Android target not found
Native extension for WindowsStandalone target not found
[Package Manager] Failed to launch server process. Reason: Unity was launched with the -noUpm command-line argument
[Package Manager] Unable to send message (not connected to server process).
[Package Manager] Cannot connect to Unity Package Manager local server
[Package Manager] Failed to launch server process. Reason: Unity was launched with the -noUpm command-line argument
[Package Manager] Unable to send message (not connected to server process).
[Package Manager] Cannot connect to Unity Package Manager local server
ScheduleIndexationOnStartup MainProcess:False IndexOnStartup:True
Scripting: successfully reloaded assembly
- Finished resetting the current domain, in  0.538 seconds
Domain Reload Profiling: 1519ms
	BeginReloadAssembly (482ms)
		DisableScriptedObjects (16ms)
		CreateAndSetChildDomain (33ms)
	RebuildCommonClasses (7ms)
	RebuildNativeTypeToScriptingClass (14ms)
	initialDomainReloadingComplete (122ms)
	LoadAllAssembliesAndSetupDomain (356ms)
		LoadAssemblies (620ms)
		TypeCache.Refresh (7ms)
		AnalyzeDomain (4ms)
			ResolveRequiredComponents (3ms)
	FinalizeReload (539ms)
		SetupLoadedEditorAssemblies (0ms)
			InitializePlatformSupportModulesInManaged (8ms)
			BeforeProcessingInitializeOnLoad (82ms)
			ProcessInitializeOnLoadAttributes (188ms)
			ProcessInitializeOnLoadMethodAttributes (26ms)
			AfterProcessingInitializeOnLoad (5ms)
		AwakeInstancesAfterBackupRestoration (6ms)
Refreshing native plugins compatible for Editor in 5.89 ms, found 4 plugins.
Unloading 0 Unused Serialized files (Serialized files now loaded: 0)
Unloading 4301 unused Assets / (1.8 MB). Loaded Objects now: 4984.
Memory consumption went from 276.7 MB to 275.0 MB.
Total: 4.582200 ms (FindLiveObjects: 0.445600 ms CreateObjectMapping: 0.138000 ms MarkObjects: 3.254700 ms  DeleteObjects: 0.548300 ms)

Prepare: number of updated asset objects reloaded= 0
========================================================================
Received Prepare
AcceleratorClientConnectionCallback - disconnected - :0
Refreshing native plugins compatible for Editor in 6.61 ms, found 4 plugins.
Unloading 0 Unused Serialized files (Serialized files now loaded: 0)
Unloading 0 unused Assets / (0 B). Loaded Objects now: 4984.
Memory consumption went from 274.0 MB to 274.0 MB.
Total: 4.335600 ms (FindLiveObjects: 0.536100 ms CreateObjectMapping: 0.078900 ms MarkObjects: 3.535400 ms  DeleteObjects: 0.007100 ms)

Prepare: number of updated asset objects reloaded= 0
========================================================================
Received Prepare
AcceleratorClientConnectionCallback - disconnected - :0
Refreshing native plugins compatible for Editor in 4.46 ms, found 4 plugins.
Unloading 0 Unused Serialized files (Serialized files now loaded: 0)
Unloading 0 unused Assets / (0 B). Loaded Objects now: 4984.
Memory consumption went from 274.2 MB to 274.2 MB.
Total: 4.980500 ms (FindLiveObjects: 0.337000 ms CreateObjectMapping: 0.076600 ms MarkObjects: 4.381800 ms  DeleteObjects: 0.008200 ms)

Prepare: number of updated asset objects reloaded= 0
========================================================================
Received Import Request.
  Time of request: 2026-10-01T14:28:04.672568Z
  Time since last request: 681.60843560000001 seconds.
  importAddress: GUID: 1d47f852548cd8d4e8391d31857b5d5b - Path: Assets/Material/Cor_moita3.mat - Importer: PreviewImporter
Importing 'GUID: 1d47f852548cd8d4e8391d31857b5d5b - Path: Assets/Material/Cor_moita3.mat - Importer: PreviewImporter' with importer (PreviewImporter)
Imported 'GUID: 1d47f852548cd8d4e8391d31857b5d5b' -> (Import Result ID: 'e0cb6d93c151bfac74de69a9cc04fd59') in 0.081 seconds [static and dynamic dependencies]. Details - ImportResultOutputID=1a401656f5fed4698bc438a5612c4074 DependenciesID=eaf7923b62758f1a93ab5cad5d343a10 StaticDependenciesID=53c359961c2ca7f1263ae24c962760e4 
Number of updated asset objects reloaded before import = 0
Number of asset objects unloaded after import = 1
========================================================================
Received Import Request.
  Time of request: 2026-10-01T14:28:05.6296484Z
  Time since last request: 0.8730176 seconds.
  importAddress: GUID: 210328630e6f9e141bfbd77d43c58af2 - Path: Assets/Material/Cor_moita2.mat - Importer: ScriptedImporter/UnityEditor.QuickSearchModule:UnityEditor.Search:ASIAI0B
Importing 'GUID: 210328630e6f9e141bfbd77d43c58af2 - Path: Assets/Material/Cor_moita2.mat - Importer: ScriptedImporter/UnityEditor.QuickSearchModule:UnityEditor.Search:ASIAI0B' with importer (ScriptedImporter : UnityEditor.QuickSearchModule:UnityEditor.Search:ASIAI0B)
Imported 'GUID: 210328630e6f9e141bfbd77d43c58af2' -> (Import Result ID: '35d6a1fb55d77573aad0e143ab00193a') in 0.065 seconds [static and dynamic dependencies]. Details - ImportResultOutputID=709513ae6725186a016b43811f543b4b DependenciesID=5ed8940b61f42e8f99bdcdc9e7cf150f StaticDependenciesID=302f17d4670f55ed1ee580625e4ea7a1 
Number of updated asset objects reloaded before import = 0
Number of asset objects unloaded after import = 1
Editor requested this worker to shutdown with reason: Editor is closing down
AcceleratorClientConnectionCallback - disconnected - :0
AssetImportWorker is now disconnected from the server
Process exiting
[ExitDontLaunchBugReporter] Exiting without the bug reporter. Application will exit with return code 0
