VBCSCompilerPreWarmer: watching VBCSCompiler (PID 23156)
VBCSCompilerPreWarmer: pre-warm launched (dotnet PID 25228)
VBCSCompiler prewarm took 161.66 ms
[Licensing::Module] Trying to connect to existing licensing client channel...
[Licensing::IpcConnector] Successfully connected to: "LicenseClient-lucas62658716" at "2026-10-07T11:17:28.8909143Z"
Built from '6000.6/staging' branch; Version is '6000.6.3f1 (45d8eee7de74) revision 4577518'; Using compiler version '194234433'; Build Type 'Release'
OS: 'Windows 11  (10.0.26200) Professional' Language: 'pt' Physical Memory: 16070 MB
BatchMode: 0, IsHumanControllingUs: 1, StartBugReporterOnCrash: 1, Is64bit: 1
System  architecture: x64
Process architecture: x64
Date: 2026-10-07T11:17:28Z
[Licensing::Client] Code 10 while verifying Licensing Client signature (process Id: 20132, path: "C:/Program Files/Unity Hub/UnityLicensingClient_V1/Unity.Licensing.Client.exe")
[Licensing::Module] LicensingClient has failed validation; ignoring
[Licensing::Client] Error: HandshakeResponse reported an error:
	ResponseCode: 505
	ResponseStatus: Unsupported protocol version '1.18.3'. Current supported versions are: 1.0,1.1,1.2,1.3,1.4,1.4.1,1.5,1.6,1.7,1.8,1.9,1.10,1.11,1.12
[Licensing::Module] Error: Failed to handshake to channel: "LicenseClient-lucas62658716"
[Licensing::IpcConnector] LicenseClient-lucas62658716 channel disconnected successfully.
[Licensing::IpcConnector] Channel LicenseClient-lucas62658716-6000.6.3 doesn't exist
[Licensing::Module] Successfully launched the LicensingClient (PId: 22608)

COMMAND LINE ARGUMENTS:
C:\Program Files\Unity\Hub\Editor\6000.6.3f1\Editor\Unity.exe
-projectpath
C:\Users\lucas62658716\personagem
-useHub
-hubIPC
-cloudEnvironment
production
-licensingIpc
LicenseClient-lucas62658716
-hubSessionId
2a6fd24d-62bb-4ed5-addb-973d3e2ffd04
-accessToken
VcKGqi6kw_biqFfMwxqIEw_SVqD1cKGukGUD_WdgtYE004f
Successfully changed project path to: C:\Users\lucas62658716\personagem
C:/Users/lucas62658716/personagem
[UnityMemory] Configuration Parameters - Can be set up in boot.config
    "memorysetup-temp-allocator-size-gi-baking-worker=262144"
    "memorysetup-temp-allocator-size-gi-baking-worker=262144"
    "memorysetup-temp-allocator-size-gi-baking-worker=262144"
    "memorysetup-temp-allocator-size-gi-baking-worker=262144"
    "memorysetup-temp-allocator-size-gi-baking-worker=262144"
    "memorysetup-temp-allocator-size-nav-mesh-worker=65536"
    "memorysetup-temp-allocator-size-audio-worker=65536"
    "memorysetup-temp-allocator-size-cloud-worker=32768"
    "memorysetup-temp-allocator-size-gfx=262144"
    "memorysetup-remapper-allocator-initial-capacity=32768"
    "memorysetup-temp-allocator-size-preload-manager=33554432"
    "memorysetup-allocator-temp-initial-block-size-main=262144"
    "memorysetup-allocator-temp-initial-block-size-worker=262144"
    "memorysetup-temp-allocator-size-job-worker=262144"
    "memorysetup-temp-allocator-size-background-worker=32768"
    "memorysetup-bucket-allocator-granularity=16"
    "memorysetup-bucket-allocator-bucket-count=8"
    "memorysetup-bucket-allocator-block-size=33554432"
    "memorysetup-bucket-allocator-block-count=8"
    "memorysetup-main-allocator-block-size=16777216"
    "memorysetup-thread-allocator-block-size=16777216"
    "memorysetup-main-allocator-mimalloc-enabled=1"
    "memorysetup-gfx-main-allocator-block-size=16777216"
    "memorysetup-gfx-thread-allocator-block-size=16777216"
    "memorysetup-cache-allocator-block-size=4194304"
    "memorysetup-typetree-allocator-block-size=2097152"
    "memorysetup-profiler-bucket-allocator-granularity=16"
    "memorysetup-profiler-bucket-allocator-bucket-count=8"
    "memorysetup-profiler-bucket-allocator-block-size=33554432"
    "memorysetup-profiler-bucket-allocator-block-count=8"
    "memorysetup-profiler-allocator-block-size=16777216"
    "memorysetup-profiler-editor-allocator-block-size=1048576"
    "memorysetup-temp-allocator-size-main=16777216"
    "memorysetup-job-temp-allocator-block-size=2097152"
    "memorysetup-job-temp-allocator-block-size-background=1048576"
    "memorysetup-job-temp-allocator-reduction-small-platforms=262144"
Player connection [17712]  Target information:

Player connection [17712]  * "[IP] 10.16.108.26 [Port] 55504 [Flags] 2 [Guid] 1354821309 [EditorId] 1354821309 [Version] 1048832 [Id] WindowsEditor(7,L06003-033245) [Debug] 1 [PackageName] WindowsEditor [ProjectName] Editor" 

Player connection [17712] Host joined multi-casting on [225.0.0.222:54997]...
Player connection [17712] Host joined alternative multi-casting on [225.0.0.222:34997]...
Input System module state changed to: Initialized.
[Physics::Module] Initialized fallback backend.
[Physics::Module] Id: 0xdecafbad
[Package Manager] Connected to IPC stream "Upm-20560" after 0.2 seconds.
[Licensing::Module] Licensing is not yet initialized.
[Licensing::IpcConnector] Successfully connected to: "LicenseClient-lucas62658716-6000.6.3" at "2026-10-07T11:17:31.2284566Z"
[Licensing::Client] Code 10 while verifying Licensing Client signature (process Id: 22608, path: "C:/Program Files/Unity/Hub/Editor/6000.6.3f1/Editor/Data/Resources/Licensing/Client/Unity.Licensing.Client.exe")
[Licensing::Module] LicensingClient has failed validation; ignoring
[Licensing::Client] Handshaking with LicensingClient:
  Version:                 1.18.3+d7ffd15
  Session Id:              76b2ac801f604a1ca32cbab284eb951d
  Correlation Id:          7e47f78cec9e2f36a81c22df86ccccde
  External correlation Id: 4024209167722150849
  Machine Id:              sFH2+DTiHsUJCZWXvXC+dLTIHnk=
[Licensing::Module] Successfully connected to LicensingClient on channel: "LicenseClient-lucas62658716-6000.6.3" (connect: 1.93s, validation: 0.35s, handshake: 0.16s)
[Licensing::IpcConnector] Successfully connected to: "LicenseClient-lucas62658716-6000.6.3-notifications" at "2026-10-07T11:17:31.7413704Z"
[Licensing::Module] Connected to LicensingClient (PId: 22608, launch time: 0.08, total connection time: 2.45s)
[Licensing::Client] Successfully updated the access token
[Licensing::Module] Successfully updated the access token VcKGqi6kw_...
[Licensing::Client] Successfully resolved entitlement details
[Licensing::Module] License group:
  Id: F4-Z3DG-YMY3-TBTY-XM54-XXXX
  Product: Unity Personal
  Type: ULF
  Expiration: Unlimited
[Licensing::Client] Successfully updated license, isAsync: True, time: 0.01
[Licensing::Client] Successfully resolved entitlement details
[Licensing::Module] Licensing Background thread has ended after 3.02s
[Licensing::Module] Licensing is initialized (took 1.79s).
[Licensing::Client] Successfully resolved entitlement details
Library Redirect Path: Library/
Initialising UDS system complete:
  - System type: Client
  - Resource namespace: 5bd716b3c7d2972c4aa678b0fe1cf33e
  - Shared memory size: 1073741824
  - Command buffer id: 1052576
  - Command buffer size: 8192
  - Hashmap size: 4194304
  - Service connected: false
Launching Unity Data Store - C:/Program Files/Unity/Hub/Editor/6000.6.3f1/Editor/Data/Tools/Unity.DataStore.exe 
Unity Data Store artifact dir = Library/DataStore, working dir = C:/Users/lucas62658716/personagemSerialized file "ProjectSettings/DynamicsManager.asset" contains a PhysicsManager object at version 11, below the supported minimum (13). Open and re-save the file to upgrade.
Unity Data Store running and initialised
[Physics::Module] Selected backend (deferred post-plugins).
[Physics::Module] Name: PhysX
[Physics::Module] Id: 0xf2b8ea05
[Physics::Module] SDK Version: 4.1.2
[Physics::Module] Integration Version: 1.0.0
[Physics::Module] Threading Mode: Multi-Threaded
Initialize engine version: 6000.6.3f1 (45d8eee7de74)
[EntityIdStore] init: VM path (explicit commit), pageSize=4096, blockCount=1048576, entitiesPerBlock=256, slots reserved=4294967296 bytes
[Subsystems] Discovering subsystems at path C:/Program Files/Unity/Hub/Editor/6000.6.3f1/Editor/Data/Resources/UnitySubsystems
[Subsystems] Discovering subsystems at path C:/Users/lucas62658716/personagem/Assets
[D3D12 Device Filter] Vendor Name: NVIDIA
[D3D12 Device Filter] Device Name: NVIDIA RTX 2000 Ada Generation
[D3D12 Device Filter] Driver Version: 32.0.15.9671
[D3D12 Device Filter] Feature Level: 12.2
[D3D12 Device Filter] Graphics Memory: 16118 MB
[D3D12 Device Filter] Processor Count: 28
[D3D12 Device Filter] Device Type: Discrete
GfxDevice: creating device client; kGfxThreadingModeSplitJobs
d3d12: failed to query info queue interface (0x80004002).
Direct3D:
    Version:         Direct3D 12 [level 12.2]
    Renderer:        NVIDIA RTX 2000 Ada Generation (ID=0x28b0)
    Vendor:          NVIDIA
    VRAM:            16118 MB
    App VRAM Budget: 15350 MB
    Driver:          32.0.15.9671
Initialize mono
Mono path[0] = 'C:/Program Files/Unity/Hub/Editor/6000.6.3f1/Editor/Data/Managed'
Mono path[1] = 'C:/Program Files/Unity/Hub/Editor/6000.6.3f1/Editor/Data/BCLExtensions/runtime/netstandard2.1'
Mono path[2] = 'C:/Program Files/Unity/Hub/Editor/6000.6.3f1/Editor/Data/MonoBleedingEdge/lib/mono/unityjit-win32'
Mono config path = 'C:/Program Files/Unity/Hub/Editor/6000.6.3f1/Editor/Data/MonoBleedingEdge/etc'
Using monoOptions --debugger-agent=transport=dt_socket,embedding=1,server=y,suspend=n,address=127.0.0.1:56560
CodeReloadManager initialized
ImportWorker Server TCP listen port: 0
AcceleratorClientConnectionCallback - disconnected - :0
Begin MonoManager ReloadAssembly
Registering precompiled unity dll's ...
Register platform support module: C:/Program Files/Unity/Hub/Editor/6000.6.3f1/Editor/Data/PlaybackEngines/WindowsStandaloneSupport/UnityEditor.WindowsStandalone.Extensions.dll
[Licensing::Client] Successfully resolved entitlement details
Register platform support module: C:/Program Files/Unity/Hub/Editor/6000.6.3f1/Editor/Data/PlaybackEngines/AndroidPlayer/UnityEditor.Android.Extensions.dll
Registered in 0.076210 seconds.
Native extension for Android target not found
Native extension for WindowsStandalone target not found
Package Manager log level set to [2]
ScheduleIndexationOnStartup MainProcess:False IndexOnStartup:True
Scripting: successfully reloaded assembly
- Finished resetting the current domain, in  2.209 seconds
Domain Reload Profiling: 3771ms
	BeginReloadAssembly (493ms)
		CreateAndSetChildDomain (35ms)
	RebuildCommonClasses (6ms)
	RebuildNativeTypeToScriptingClass (167ms)
	initialDomainReloadingComplete (217ms)
	LoadAllAssembliesAndSetupDomain (677ms)
		LoadAssemblies (466ms)
		TypeCache.Refresh (576ms)
			TypeCache.ScanAssembly (531ms)
		AnalyzeDomain (2ms)
	FinalizeReload (2211ms)
		SetupLoadedEditorAssemblies (0ms)
			InitializePlatformSupportModulesInManaged (67ms)
			BeforeProcessingInitializeOnLoad (88ms)
			ProcessInitializeOnLoadAttributes (96ms)
			ProcessInitializeOnLoadMethodAttributes (1645ms)
[Licensing::Client] Successfully resolved entitlement details
Application.AssetDatabase Initial Refresh Start
[Package Manager] Restoring resolved packages state from cache
[Licensing::Client] Successfully resolved entitlement details
[Package Manager] Registered 52 packages:
  Packages from [https://packages.unity.com]:
    com.unity.collab-proxy@2.13.6 (location: C:\Users\lucas62658716\personagem\Library\PackageCache\com.unity.collab-proxy@4628d2ba6ea4)
    com.unity.ide.rider@3.0.38 (location: C:\Users\lucas62658716\personagem\Library\PackageCache\com.unity.ide.rider@1f60b3138684)
    com.unity.ide.visualstudio@2.0.26 (location: C:\Users\lucas62658716\personagem\Library\PackageCache\com.unity.ide.visualstudio@a99d56dec63f)
    com.unity.inputsystem@1.20.0 (location: C:\Users\lucas62658716\personagem\Library\PackageCache\com.unity.inputsystem@7a4e1a2a8194)
    com.unity.visualscripting@1.9.12 (location: C:\Users\lucas62658716\personagem\Library\PackageCache\com.unity.visualscripting@4edfcc09512f)
    com.unity.performance.profile-analyzer@1.4.0 (location: C:\Users\lucas62658716\personagem\Library\PackageCache\com.unity.performance.profile-analyzer@2bb26871883c)
    com.unity.testtools.codecoverage@1.3.0 (location: C:\Users\lucas62658716\personagem\Library\PackageCache\com.unity.testtools.codecoverage@19a841221620)
    com.unity.settings-manager@2.1.1 (location: C:\Users\lucas62658716\personagem\Library\PackageCache\com.unity.settings-manager@0b8638c5ce86)
  Built-in packages:
    com.unity.feature.development@1.0.2 (location: C:\Users\lucas62658716\personagem\Library\PackageCache\com.unity.feature.development@767aadbc6eb7)
    com.unity.timeline@6.6.0 (location: C:\Users\lucas62658716\personagem\Library\PackageCache\com.unity.timeline@c56d56b0070b)
    com.unity.ugui@2.6.0 (location: C:\Users\lucas62658716\personagem\Library\PackageCache\com.unity.ugui@0727b404f3a0)
    com.unity.modules.accessibility@1.0.0 (location: C:\Users\lucas62658716\personagem\Library\PackageCache\com.unity.modules.accessibility)
    com.unity.modules.adaptiveperformance@1.0.0 (location: C:\Users\lucas62658716\personagem\Library\PackageCache\com.unity.modules.adaptiveperformance)
    com.unity.modules.ai@1.0.0 (location: C:\Users\lucas62658716\personagem\Library\PackageCache\com.unity.modules.ai)
    com.unity.modules.androidjni@1.0.0 (location: C:\Users\lucas62658716\personagem\Library\PackageCache\com.unity.modules.androidjni)
    com.unity.modules.animation@1.0.0 (location: C:\Users\lucas62658716\personagem\Library\PackageCache\com.unity.modules.animation)
    com.unity.modules.assetbundle@1.0.0 (location: C:\Users\lucas62658716\personagem\Library\PackageCache\com.unity.modules.assetbundle)
    com.unity.modules.audio@1.0.0 (location: C:\Users\lucas62658716\personagem\Library\PackageCache\com.unity.modules.audio)
    com.unity.modules.cloth@1.0.0 (location: C:\Users\lucas62658716\personagem\Library\PackageCache\com.unity.modules.cloth)
    com.unity.modules.director@1.0.0 (location: C:\Users\lucas62658716\personagem\Library\PackageCache\com.unity.modules.director)
    com.unity.modules.imageconversion@1.0.0 (location: C:\Users\lucas62658716\personagem\Library\PackageCache\com.unity.modules.imageconversion)
    com.unity.modules.imgui@1.0.0 (location: C:\Users\lucas62658716\personagem\Library\PackageCache\com.unity.modules.imgui)
    com.unity.modules.jsonserialize@1.0.0 (location: C:\Users\lucas62658716\personagem\Library\PackageCache\com.unity.modules.jsonserialize)
    com.unity.modules.particlesystem@1.0.0 (location: C:\Users\lucas62658716\personagem\Library\PackageCache\com.unity.modules.particlesystem)
    com.unity.modules.physics@1.0.0 (location: C:\Users\lucas62658716\personagem\Library\PackageCache\com.unity.modules.physics)
    com.unity.modules.physics2d@1.0.0 (location: C:\Users\lucas62658716\personagem\Library\PackageCache\com.unity.modules.physics2d)
    com.unity.modules.physicscore2d@1.0.0 (location: C:\Users\lucas62658716\personagem\Library\PackageCache\com.unity.modules.physicscore2d)
    com.unity.modules.screencapture@1.0.0 (location: C:\Users\lucas62658716\personagem\Library\PackageCache\com.unity.modules.screencapture)
    com.unity.modules.terrain@1.0.0 (location: C:\Users\lucas62658716\personagem\Library\PackageCache\com.unity.modules.terrain)
    com.unity.modules.terrainphysics@1.0.0 (location: C:\Users\lucas62658716\personagem\Library\PackageCache\com.unity.modules.terrainphysics)
    com.unity.modules.tetgen@1.0.0 (location: C:\Users\lucas62658716\personagem\Library\PackageCache\com.unity.modules.tetgen)
    com.unity.modules.tilemap@1.0.0 (location: C:\Users\lucas62658716\personagem\Library\PackageCache\com.unity.modules.tilemap)
    com.unity.modules.timelinefoundation@1.0.0 (location: C:\Users\lucas62658716\personagem\Library\PackageCache\com.unity.modules.timelinefoundation)
    com.unity.modules.ui@1.0.0 (location: C:\Users\lucas62658716\personagem\Library\PackageCache\com.unity.modules.ui)
    com.unity.modules.uielements@1.0.0 (location: C:\Users\lucas62658716\personagem\Library\PackageCache\com.unity.modules.uielements)
    com.unity.modules.umbra@1.0.0 (location: C:\Users\lucas62658716\personagem\Library\PackageCache\com.unity.modules.umbra)
    com.unity.modules.unityanalytics@1.0.0 (location: C:\Users\lucas62658716\personagem\Library\PackageCache\com.unity.modules.unityanalytics)
    com.unity.modules.unitywebrequest@1.0.0 (location: C:\Users\lucas62658716\personagem\Library\PackageCache\com.unity.modules.unitywebrequest)
    com.unity.modules.unitywebrequestassetbundle@1.0.0 (location: C:\Users\lucas62658716\personagem\Library\PackageCache\com.unity.modules.unitywebrequestassetbundle)
    com.unity.modules.unitywebrequestaudio@1.0.0 (location: C:\Users\lucas62658716\personagem\Library\PackageCache\com.unity.modules.unitywebrequestaudio)
    com.unity.modules.unitywebrequesttexture@1.0.0 (location: C:\Users\lucas62658716\personagem\Library\PackageCache\com.unity.modules.unitywebrequesttexture)
    com.unity.modules.unitywebrequestwww@1.0.0 (location: C:\Users\lucas62658716\personagem\Library\PackageCache\com.unity.modules.unitywebrequestwww)
    com.unity.modules.vectorgraphics@1.0.0 (location: C:\Users\lucas62658716\personagem\Library\PackageCache\com.unity.modules.vectorgraphics)
    com.unity.modules.vehicles@1.0.0 (location: C:\Users\lucas62658716\personagem\Library\PackageCache\com.unity.modules.vehicles)
    com.unity.modules.video@1.0.0 (location: C:\Users\lucas62658716\personagem\Library\PackageCache\com.unity.modules.video)
    com.unity.modules.wind@1.0.0 (location: C:\Users\lucas62658716\personagem\Library\PackageCache\com.unity.modules.wind)
    com.unity.modules.xr@1.0.0 (location: C:\Users\lucas62658716\personagem\Library\PackageCache\com.unity.modules.xr)
    com.unity.modules.subsystems@1.0.0 (location: C:\Users\lucas62658716\personagem\Library\PackageCache\com.unity.modules.subsystems)
    com.unity.modules.hierarchycore@1.0.0 (location: C:\Users\lucas62658716\personagem\Library\PackageCache\com.unity.modules.hierarchycore)
    com.unity.test-framework@1.8.0 (location: C:\Users\lucas62658716\personagem\Library\PackageCache\com.unity.test-framework@80f691d4262b)
    com.unity.ext.nunit@2.1.0 (location: C:\Users\lucas62658716\personagem\Library\PackageCache\com.unity.ext.nunit@0198eae3b53e)
    com.unity.editorcoroutines@6.6.0 (location: C:\Users\lucas62658716\personagem\Library\PackageCache\com.unity.editorcoroutines@8cd72baa102a)
[Subsystems] No new subsystems found in resolved package list.
[Package Manager] Done registering packages in 0.27 seconds
Starting: C:\Program Files\Unity\Hub\Editor\6000.6.3f1\Editor\Data\Tools\BuildPipeline\bee_backend.exe --ipc --defer-dag-verification --dagfile="Library/Bee/1900b0aE.dag" --continue-on-failure --profile="Library/Bee/backend1.traceevents" ScriptAssemblies
WorkingDir: C:/Users/lucas62658716/personagem
ExitCode: 0 Duration: 1s179ms
[460/567    0s] ILPP-Configuration Library/ilpp-configuration.nevergeneratedoutput
[563/567    0s] Csc Library/Bee/artifacts/1900b0aE.dag/Assembly-CSharp.dll (+2 others)
*** Tundra build success (1.05 seconds), 2 items updated, 567 evaluated
AssetDatabase: script compilation time: 3.114911s
Total cache size 77508908
Total cache size after purge 77508908, took 00:00:00.1161130
Begin MonoManager ReloadAssembly
Refreshing native plugins compatible for Editor in 39.81 ms, found 4 plugins.
Native extension for Android target not found
Native extension for WindowsStandalone target not found
ScheduleIndexationOnStartup MainProcess:True IndexOnStartup:True
Scripting: successfully reloaded assembly
- Finished resetting the current domain, in  0.601 seconds
Domain Reload Profiling: 2125ms
	BeginReloadAssembly (567ms)
		DisableScriptedObjects (48ms)
		CreateAndSetChildDomain (41ms)
	RebuildCommonClasses (7ms)
	RebuildNativeTypeToScriptingClass (11ms)
	initialDomainReloadingComplete (142ms)
	LoadAllAssembliesAndSetupDomain (796ms)
		LoadAssemblies (927ms)
		TypeCache.Refresh (165ms)
			TypeCache.ScanAssembly (154ms)
		AnalyzeDomain (33ms)
			BuildScriptInfoCaches (29ms)
			ResolveRequiredComponents (3ms)
	FinalizeReload (602ms)
		SetupLoadedEditorAssemblies (0ms)
			InitializePlatformSupportModulesInManaged (15ms)
			BeforeProcessingInitializeOnLoad (80ms)
			ProcessInitializeOnLoadAttributes (274ms)
			ProcessInitializeOnLoadMethodAttributes (29ms)
			AfterProcessingInitializeOnLoad (6ms)
		AwakeInstancesAfterBackupRestoration (29ms)
Starting new worker id: 0 with log in C:/Users/lucas62658716/personagem/Logs/AssetImportWorkerHW0.log

Asset Pipeline Refresh (id=77cf6702e7ed6874a856181a66cd7fdc): Total: 7.459 seconds - Initiated by InitialRefreshV2(ForceSynchronousImport)
	(Values over 0.05ms)
	Summary:
		Imports: total=0 (actual=0, local cache=0, cache server=0)
		Asset DB Process Time: managed=0 ms, native=2170 ms
		Asset DB Callback time: managed=175 ms, native=280 ms
		Scripting: domain reloads=1, domain reload time=1665 ms, compile time=3121 ms, other=45 ms
		Project Asset Count: scripts=836, non-scripts=941
		Asset File Changes: new=0, changed=0, moved=0, deleted=0
		Scan Filter Count: 0
	InvokePackagesCallback: 287.842ms
	ApplyChangesToAssetFolders: 1.171ms
	Scan: 197.693ms
	Collect global state as custom dependencies: 14.256ms
	CategorizeScriptCompilationAssets: 486.355ms
	ProcessAssetsWithTransientArtifactChanges: 49.428ms
	CategorizeAssets: 15.075ms
	CompileScripts: 3120.768ms
	ImportOutOfDateAssets: 693.297ms (656.313ms without children)
		UnloadImportedAssets: 0.093ms
		EnsureUptoDateAssetsAreRegisteredWithGuidPM: 0.233ms
		ImportSchedulerStart: 36.655ms
	PostProcessAllAssets: 176.010ms
		MonoPostProcessAllAssets: 175.960ms
			SyncVS.PostprocessSyncProject 158.072ms
			WindowAssetPostprocessingWatcher.OnPostprocessAllAssets 6.491ms
			EditModeScopePostprocessor.OnPostprocessAllAssets 0.737ms
			SpeedTree9Postprocessor.OnPostprocessAllAssets 0.570ms
			ReferencedClipsPostProcessor.OnPostprocessAllAssets 0.232ms
			InputActionAssetPostprocessor.OnPostprocessAllAssets 0.214ms
			TerrainToolbarOverlayPostProcessor.OnPostprocessAllAssets 0.160ms
			AssetDatabaseCallbacks.OnPostprocessAllAssets 0.133ms
			ProjectSettingsPostprocessor.OnPostprocessAllAssets 0.121ms
			RenderPipelineGlobalSettingsPostprocessor.OnPostprocessAllAssets 0.062ms
	UnloadStreamsBegin: 1.480ms
	GenerateScriptTypeHashes: 0.816ms
	GenerateScriptTypeSerializationHashes: 1.671ms
	Untracked: 2381.702ms

Application.AssetDatabase Initial Refresh End
Launched and connected shader compiler UnityShaderCompiler.exe after 0.11 seconds
Scanning for USB devices : 1.945ms
Initializing Unity extensions:
[MODES] ModeService[none].Initialize
[MODES] ModeService[none].LoadModes
[MODES] Loading mode Default (0) for mode-current-id-personagem
Unloading 3 Unused Serialized files (Serialized files now loaded: 0)
Loaded scene 'Assets/Scenes/SampleScene.unity'
	Deserialize:            12.648 ms
	Integration:            33.400 ms
	Integration of assets:  0.022 ms
	Thread Wait Time:       0.013 ms
	Total Operation Time:   46.082 ms
Unloading 4318 unused Assets / (1.8 MB). Loaded Objects now: 5428.
Memory consumption went from 339.2 MB to 337.4 MB.
Total: 6.396600 ms (FindLiveObjects: 0.449300 ms CreateObjectMapping: 0.129800 ms MarkObjects: 4.877800 ms  DeleteObjects: 0.689400 ms)

[LAYOUT] About to load UserSettings\Layouts\default-6000.dwlt, keepMainWindow=False
[LAYOUT] About to save layout C:\Users\lucas62658716\personagem\UserSettings\Layouts\default-6000.dwlt
[LAYOUT] About to save layout C:/Users/lucas62658716/AppData/Roaming/Unity/Editor-5.x/Preferences\Layouts\current\default-6000.dwlt
Worker ready: AssetImportWorkerHW0 0
[MODES] ModeService[default].InitializeCurrentMode
[MODES] ModeService[default].RaiseModeChanged(default, default)
This project uses Input Manager, which is marked for deprecation. To manage input in your project, use the <a href="https://docs.unity3d.com/Packages/com.unity.inputsystem@latest">Input System package</a> instead.
<RI> Initializing input.
Using Windows.Gaming.Input
XInput1_3.dll not found. Trying XInput9_1_0.dll instead...
<RI> Input initialized.
[Project] Loading completed in 24.305 seconds
	Project init time: 				20.677 seconds
		Template init time: 		0.000 seconds
		Package Manager init time: 		2.007 seconds
		Asset Database init time: 		1.718 seconds
		Global illumination init time: 	0.054 seconds
		Assemblies load time: 			5.641 seconds
		Unity extensions init time: 	0.015 seconds
		Asset Database refresh time: 	7.460 seconds
	Scene opening time: 			2.866 seconds
##utp:{"type":"ProjectInfo","version":2,"phase":"Immediate","time":1791371872967,"processId":20560,"projectLoad":24.304698899999998,"projectInit":20.6774586,"templateInit":0.0,"packageManagerInit":2.0065642,"assetDatabaseInit":1.7183354,"globalIlluminationInit":0.0538019,"assembliesLoad":5.6406446,"unityExtensionsInit":0.0153344,"assetDatabaseRefresh":7.4600354,"sceneOpening":2.8656217}
##utp:{"type":"EditorInfo","version":2,"phase":"Immediate","time":1791371872968,"processId":20560,"editorVersion":"6000.6.3f1 (45d8eee7de74)","branch":"6000.6/staging","buildType":"Release","platform":"Windows"}
Asset Pipeline Refresh (id=daa8aae15eb751e41bb202c94e60eed9): Total: 0.071 seconds - Initiated by RefreshV2(AllowForceSynchronousImport)
Start Indexing on Editor startup
[Indexing] Starting Initial Indexing for Assets
Created GICache directory at C:/Users/lucas62658716/AppData/LocalLow/Unity/Caches/GiCache. Took: 0.026s, timestamps: [25.356 - 25.382]
[Licensing::Client] Successfully resolved entitlement details
[Licensing::Client] Successfully resolved entitlement details
[Licensing::Client] Successfully resolved entitlement details
[Licensing::Client] Successfully updated the access token
[Licensing::Module] Successfully updated access token: "VcKGqi6k"... (expires: 2026-10-07T13:17:56Z)
Starting new worker id: 1 with log in C:/Users/lucas62658716/personagem/Logs/AssetImportWorkerHW1.log
[Worker0] Imported GUID: 9fc0d4010bbf28b4594072e72b8655ab - Path: Assets/Scenes/SampleScene.unity - Importer: ScriptedImporter/UnityEditor.QuickSearchModule:UnityEditor.Search:ASIAI0B -> (ImportResultId: '9d5134cb1183c2749828c65c9fbc3626') in 0.0906389 seconds
[Worker0] Imported GUID: 7e568a95dbd1e26489696f73a86f083c - Path: Assets/Scripts/PersonagemAndar.cs - Importer: ScriptedImporter/UnityEditor.QuickSearchModule:UnityEditor.Search:ASIAI0B -> (ImportResultId: 'dae7cbe3d5f1117b7d9a717c79b5b38a') in 0.0160727 seconds
[Licensing::Client] Successfully updated the access token
[Licensing::Module] Successfully updated access token: "VcKGqi6k"... (expires: 2026-10-07T13:17:57Z)
Android Extension - Scanning For ADB Devices 3415 ms
Android Extension - Scanning For ADB Devices 649 ms
Attempted to call .Dispose on an already disposed CancellationTokenSource
Android Extension - Scanning For ADB Devices 558 ms
[Licensing::Client] Successfully resolved entitlement details
Android Extension - Scanning For ADB Devices 806 ms
Worker ready: AssetImportWorkerHW1 1
TrimDiskCacheJob: Current cache size 0mb
Reloading assemblies for play mode.
Reloading assemblies after forced synchronous recompile.
Attempted to call .Dispose on an already disposed CancellationTokenSource
Begin MonoManager ReloadAssembly
Refreshing native plugins compatible for Editor in 8.23 ms, found 4 plugins.
Native extension for Android target not found
Native extension for WindowsStandalone target not found
ScheduleIndexationOnStartup MainProcess:True IndexOnStartup:True
[MODES] ModeService[none].Initialize
[MODES] ModeService[none].LoadModes
Scripting: successfully reloaded assembly
- Finished resetting the current domain, in  1.311 seconds
Domain Reload Profiling: 2596ms
	BeginReloadAssembly (899ms)
		DisableScriptedObjects (186ms)
		CreateAndSetChildDomain (211ms)
	RebuildCommonClasses (7ms)
	RebuildNativeTypeToScriptingClass (11ms)
	initialDomainReloadingComplete (142ms)
	LoadAllAssembliesAndSetupDomain (225ms)
		LoadAssemblies (539ms)
		TypeCache.Refresh (7ms)
		AnalyzeDomain (5ms)
			ResolveRequiredComponents (3ms)
	FinalizeReload (1312ms)
		SetupLoadedEditorAssemblies (0ms)
			InitializePlatformSupportModulesInManaged (13ms)
			BeforeProcessingInitializeOnLoad (82ms)
			ProcessInitializeOnLoadAttributes (266ms)
			ProcessInitializeOnLoadMethodAttributes (26ms)
			AfterProcessingInitializeOnLoad (6ms)
		AwakeInstancesAfterBackupRestoration (607ms)
No restricted APIs configured; Validation skipped.
Checking 14 assemblies for restricted APIs found 0 usage(s) in 4 ms
Refreshing native plugins compatible for Editor in 5.20 ms, found 4 plugins.

Asset Pipeline Refresh (id=857cfa5015e38d544a7710d69e3681f6): Total: 4.084 seconds - Initiated by StopAssetImportingV2(ForceSynchronousImport | ForceDomainReload)
	(Values over 0.05ms)
	Summary:
		Imports: total=0 (actual=0, local cache=0, cache server=0)
		Asset DB Process Time: managed=0 ms, native=1597 ms
		Asset DB Callback time: managed=730 ms, native=284 ms
		Scripting: domain reloads=1, domain reload time=1467 ms, compile time=5 ms, other=0 ms
		Project Asset Count: scripts=836, non-scripts=941
		Asset File Changes: new=0, changed=0, moved=0, deleted=0
		Scan Filter Count: 0
	InvokeCustomDependenciesCallbacks: 0.078ms
	InvokePackagesCallback: 14.870ms
	ApplyChangesToAssetFolders: 0.344ms
	Collect global state as custom dependencies: 11.084ms
	ProcessAssetsWithTransientArtifactChanges: 107.230ms
	CategorizeAssets: 9.968ms
	CompileScripts: 4.966ms
	ImportOutOfDateAssets: 1329.932ms (1327.179ms without children)
		UnloadImportedAssets: 1.590ms
		EnsureUptoDateAssetsAreRegisteredWithGuidPM: 0.250ms
		ImportSchedulerStart: 0.870ms
	PostProcessAllAssets: 994.899ms
		PostProcessCallbackCreateDeferredMaterials 8.186ms
		PostprocessAssetsUpdateCachedIcon 7.075ms
		AssemblyValidation.PostprocessAllAssets 6.920ms
		ShaderAssetModifiedCallback 4.006ms
		RaytracingShaderImportPostprocess 3.557ms
		ComputeShaderImportPostprocess 3.375ms
		SpeedTreeImporter.PostprocessAllAssets 2.660ms
		LocalizationDatabase.AssetDatabasePostprocessCallback 1.438ms
		BlockShaderImporter.PostprocessAllAssets 1.414ms
		XRBuildSystem.XRAssetImported 0.317ms
		VCAutoAddAssetPostprocess 0.114ms
		SpriteAtlasDatabase.OnAssetPostprocessCallback 0.111ms
		MonoPostProcessAllAssets: 728.040ms
			SyncVS.PostprocessSyncProject 631.092ms
			AssetPostprocessor.OnPostprocessAllAssets 15.109ms
			InputActionJsonNameModifierAssetProcessor.OnPostprocessAllAssets 14.564ms
			InputActionAssetPostprocessor.OnPostprocessAllAssets 14.499ms
			AssetChangedListener.OnPostprocessAllAssets 10.689ms
			TextAssetPostProcessor.OnPostprocessAllAssets 9.192ms
			BuilderAssetPostprocessor.OnPostprocessAllAssets 6.151ms
			WindowAssetPostprocessingWatcher.OnPostprocessAllAssets 4.296ms
			SpeedTree9Postprocessor.OnPostprocessAllAssets 2.237ms
			RetainedModeAssetPostprocessor.OnPostprocessAllAssets 1.205ms
			ProjectSettingsPostprocessor.OnPostprocessAllAssets 0.931ms
			UVCSAssetPostprocessor.OnPostprocessAllAssets 0.379ms
			ArtifactBrowserPostProcessor.OnPostprocessAllAssets 0.366ms
			StyleCatalogPostProcessor.OnPostprocessAllAssets 0.265ms
			SamplePostprocessor.OnPostprocessAllAssets 0.262ms
			ReferencedClipsPostProcessor.OnPostprocessAllAssets 0.257ms
			TMPro_TexturePostProcessor.OnPostprocessAllAssets 0.246ms
			AudioMixerPostprocessor.OnPostprocessAllAssets 0.232ms
			EditModeScopePostprocessor.OnPostprocessAllAssets 0.215ms
			SpeedTreePostProcessor.OnPostprocessAllAssets 0.211ms
			ThemePostprocessor.OnPostprocessAllAssets 0.187ms
			AssetEvents.OnPostprocessAllAssets 0.168ms
			TerrainToolbarOverlayPostProcessor.OnPostprocessAllAssets 0.132ms
			AssetDatabaseCallbacks.OnPostprocessAllAssets 0.115ms
			ConfigAssetsTracker.OnPostprocessAllAssets 0.111ms
			ScenarioDriftAssetsTracker.OnPostprocessAllAssets 0.096ms
			RenderPipelineGlobalSettingsPostprocessor.OnPostprocessAllAssets 0.087ms
			AssetReloadNotifier.OnPostprocessAllAssets 0.085ms
			AudioContainerPostProcessor.OnPostprocessAllAssets 0.081ms
	PostAssetChangesProfiler: 12.706ms
	GatherAllCurrentPrimaryImportResultRevisions: 0.533ms
	UnloadStreamsBegin: 4.115ms
	GenerateScriptTypeHashes: 0.501ms
	GenerateScriptTypeSerializationHashes: 1.001ms
	Untracked: 1559.651ms

Loaded scene 'Temp/__Backupscenes/0.backup'
	Deserialize:            1.629 ms
	Integration:            279.955 ms
	Integration of assets:  0.002 ms
	Thread Wait Time:       0.011 ms
	Total Operation Time:   281.597 ms
[Licensing::Client] Successfully resolved entitlement details
[Licensing::Client] Successfully resolved entitlement details
Asset Pipeline Refresh (id=a19134e8cd9ed9f43908ce2edc462745): Total: 0.022 seconds - Initiated by RefreshV2(NoUpdateAssetOptions)
MonoPathRemapper: Attempts to remap: 21318; Successful remaps: 11096
Serialized file version minimum: 23, current 23
[LAYOUT] About to save layout C:\Users\lucas62658716\personagem\UserSettings\Layouts\default-6000.dwlt
[LAYOUT] About to save layout C:/Users/lucas62658716/AppData/Roaming/Unity/Editor-5.x/Preferences\Layouts\current\default-6000.dwlt
Killing ADB server in 0,2089462 seconds.
Input System module state changed to: ShutdownInProgress.
Input Polling Thread exited.
Input System module state changed to: Shutdown.
[Physics::Module] Cleanup current backend.
[Physics::Module] Id: 0xf2b8ea05
[Licensing::IpcConnector] LicenseClient-lucas62658716-6000.6.3-notifications channel disconnected successfully.
[Licensing::IpcConnector] LicenseClient-lucas62658716-6000.6.3 channel disconnected successfully.
Lingering sessions upon destruction of worker manager
Unity Data Store service was successfully shut down
UDS shutting down local client system
Shut down UDS service system complete
AcceleratorClientConnectionCallback - disconnected - :0
Cleanup mono
CodeReloadManager destroyed
abort_threads: Failed aborting id: 0000000000005188, mono_thread_manage will ignore it

abort_threads: Failed aborting id: 0000000000007D44, mono_thread_manage will ignore it

abort_threads: Failed aborting id: 0000000000005188, mono_thread_manage will ignore it

abort_threads: Failed aborting id: 0000000000007D44, mono_thread_manage will ignore it

debugger-agent: Unable to listen on 5568
VBCSCompilerPreWarmer: requested VBCSCompiler shutdown
Checking for leaked weakptr:
  Found no leaked weakptrs.
[Package Manager] Server process was shutdown
##utp:{"type":"MemoryLeaks","version":2,"phase":"Immediate","time":1791371987700,"processId":20560,"allocatedMemory":15067803,"memoryLabels":[{"Default":191481},{"Permanent":15516},{"NewDelete":70529},{"Thread":4208712},{"Manager":50016},{"VertexData":8},{"Geometry":816},{"Texture":24},{"Shader":855402},{"Material":68},{"GfxDevice":62040},{"GfxThread":9216},{"Animation":952},{"Audio":320},{"FreeType":8},{"FontEngine":736},{"Physics":1970},{"Physics2D":16},{"Serialization":167176},{"Input":45280},{"JobScheduler":256},{"TextLib":35926},{"Mono":48},{"ScriptingNativeRuntime":1307568},{"BaseObject":48912},{"Resource":1252},{"Renderer":2376},{"Transform":4685},{"File":7389},{"WebCam":616},{"Culling":32},{"Terrain":11442},{"Wind":24},{"STL":40},{"String":974303},{"StaticString":3808},{"Utility":2676626},{"Curl":48},{"PoolAlloc":2168},{"AI":80},{"TypeTree":18701},{"ScriptManager":18984},{"CodeReload":448},{"RuntimeInitializeOnLoadManager":64},{"Sprites":102},{"SpriteAtlas":120},{"GI":7816},{"Director":8296},{"CloudService":7728},{"WebRequest":4627},{"VR":49650},{"SceneManager":608},{"Video":208},{"LazyScriptCache":32},{"NativeArray":1080},{"Camera":135977},{"Secure":265},{"SerializationCache":9256},{"APIUpdating":10320},{"Subsystems":336},{"VirtualTexturing":57888},{"StaticSafetyDebugInfo":278528},{"Analytics":960},{"Hierarchy":1188},{"UIElements":40},{"CoreStats":14456},{"Identifiers":7152},{"Gui":1069891},{"EditorUtility":146598},{"VersionControl":8},{"Undo":931},{"AssetDatabase":2402622},{"AssetImporter":40},{"EditorGi":328},{"UnityConnect":36881},{"Upm":1988},{"UpmDiagnostics":8},{"AssetCompliance":96},{"DrivenProperties":72},{"LocalIPC":228},{"ProfilerEditor":9746},{"CoreBusinessMetrics":3606},{"Windowing":456},{"Licensing":1525},{"AssetReference":32},{"IPCStream":32}]}
