[2026-10-07T11:17:30.055Z][INFO] Command-line: 'C:\\Program Files\\Unity\\Hub\\Editor\\6000.6.3f1\\Editor\\Data\\Resources\\PackageManager\\Server\\UnityPackageManager.exe' server -s 20560 --ipc-path Unity-Upm-20560 -l 2 --log-file C:\\Users\\lucas62658716\\personagem/Logs/upm.log
[2026-10-07T11:17:30.107Z][INFO] IPC server started (IPC path=Unity-Upm-20560).
[2026-10-07T11:17:30.107Z][INFO] Hint: To connect to this UPM instance, launch Unity with the command-line parameter -upmIpcPath Upm-20560.
[2026-10-07T11:17:39.131Z][INFO] project:list-packages <-- Request received
params: {}
[2026-10-07T11:17:39.176Z][INFO] config:project:get-registries <-- Request received
params: {}
[2026-10-07T11:17:39.363Z][INFO] config:project:get-registries --> 200 (188 ms)
[2026-10-07T11:17:39.861Z][INFO] project:list-packages --> 200 (730 ms)
[2026-10-07T11:17:40.771Z][INFO] project:list-packages <-- Request received
params: {}
[2026-10-07T11:17:40.886Z][INFO] project:list-packages --> 200 (115 ms)
[2026-10-07T11:17:47.722Z][INFO] project:list-packages <-- Request received
params: {}
[2026-10-07T11:17:47.766Z][INFO] project:list-packages <-- Request received
params: {}
[2026-10-07T11:17:47.861Z][INFO] project:list-packages --> 200 (139 ms)
[2026-10-07T11:17:47.899Z][INFO] project:list-packages --> 200 (133 ms)
[2026-10-07T11:17:47.952Z][INFO] project:list-packages <-- Request received
params: {}
[2026-10-07T11:17:47.994Z][INFO] config:project:get-registries <-- Request received
params: {}
[2026-10-07T11:17:48.001Z][INFO] config:project:get-registries --> 200 (7 ms)
[2026-10-07T11:17:48.055Z][INFO] project:list-packages --> 200 (103 ms)
[2026-10-07T11:17:52.832Z][INFO] project:list-packages <-- Request received
params: {}
[2026-10-07T11:17:52.946Z][INFO] project:list-packages --> 200 (114 ms)
[2026-10-07T11:17:57.141Z][INFO] project:list-packages <-- Request received
params: {}
[2026-10-07T11:17:57.570Z][INFO] Downloading package [com.unity.package-manager.metadata-6000.6@0.0.93] from registry 'https://packages.unity.com'
[2026-10-07T11:17:57.969Z][INFO] Finished downloading package [com.unity.package-manager.metadata-6000.6@0.0.93] from registry 'https://packages.unity.com' (size: 11.5 kB, time: 396ms)
[2026-10-07T11:17:58.989Z][INFO] project:list-packages --> 200 (1848 ms)
[2026-10-07T11:18:31.049Z][INFO] project:list-packages <-- Request received
params: {}
[2026-10-07T11:18:31.244Z][INFO] project:list-packages <-- Request received
params: {}
[2026-10-07T11:18:31.276Z][INFO] config:project:get-registries <-- Request received
params: {}
[2026-10-07T11:18:31.307Z][INFO] config:project:get-registries --> 200 (31 ms)
[2026-10-07T11:18:31.309Z][INFO] project:list-packages --> 200 (261 ms)
[2026-10-07T11:18:31.382Z][INFO] project:list-packages --> 200 (138 ms)
